---
source: tui/src/bottom_pane/status_line_setup.rs
assertion_line: 380
expression: "render_lines(&view, 72)"
---
                                                                        
  Configure Status Line                                                 
  Select which items to display in the status line.                     
                                                                        
  Type to search                                                        
  >                                                                     
› [x] model-name            Current model name                          
  [x] project-root          Project root directory (omitted when unav…  
  [x] git-branch            Current Git branch (omitted when unavaila…  
  [ ] model-with-reasoning  Current model name with reasoning level     
  [ ] current-dir           Current working directory                   
  [ ] branch-lines-added    Lines added in current branch relative to…  
  [ ] branch-lines-removed  Lines removed in current branch relative …  
  [ ] context-remaining     Percentage of context window remaining (o…  
                                                                        
  ◉ gpt-5-codex  ⌂ noumena   jif/statusline-preview                    
  Use ↑↓ to navigate, ←→ to move, space to select, enter to confirm, esc
