---
source: tui/src/chatwidget/tests.rs
assertion_line: 9552
expression: terminal.backend()
---
"                                                                                "
"                                                                                "
"› Ask Codex to do anything                                                      "
"                                                                                "
"  fast on                                                                       "
