---
source: tui/src/chatwidget/tests.rs
expression: visual
---































•     -- Indented code block (4 spaces)
      SELECT *
      FROM "users"
      WHERE "email" LIKE '%@example.com';

  ╭─[markdown]
  │ ```sh
  │ printf 'fenced within fenced\n'
  │ ```
  ╰─

  ╭─[jsonc]
  │ {
  │   // comment allowed in jsonc
  │   "path": "C:\\Program Files\\App",
  │   "regex": "^foo.*(bar)?$"
  │ }
  ╰─
